Archive member included to satisfy reference by file (symbol)

d:/tools/code/c/arm-none-eabi/bin/../lib/gcc/arm-none-eabi/12.2.1/thumb/v7e-m/nofp\libgcc.a(_aeabi_uldivmod.o)
                              CMakeFiles/GPIO.elf.dir/Drivers/STM32F4xx_HAL_Driver/Src/stm32f4xx_hal_rcc.c.obj (__aeabi_uldivmod)
d:/tools/code/c/arm-none-eabi/bin/../lib/gcc/arm-none-eabi/12.2.1/thumb/v7e-m/nofp\libgcc.a(_udivmoddi4.o)
                              d:/tools/code/c/arm-none-eabi/bin/../lib/gcc/arm-none-eabi/12.2.1/thumb/v7e-m/nofp\libgcc.a(_aeabi_uldivmod.o) (__udivmoddi4)
d:/tools/code/c/arm-none-eabi/bin/../lib/gcc/arm-none-eabi/12.2.1/thumb/v7e-m/nofp\libgcc.a(_dvmd_tls.o)
                              d:/tools/code/c/arm-none-eabi/bin/../lib/gcc/arm-none-eabi/12.2.1/thumb/v7e-m/nofp\libgcc.a(_aeabi_uldivmod.o) (__aeabi_ldiv0)
d:/tools/code/c/arm-none-eabi/bin/../lib/gcc/arm-none-eabi/12.2.1/thumb/v7e-m/nofp\libg.a(libc_a-exit.o)
                              d:/tools/code/c/arm-none-eabi/bin/../lib/gcc/arm-none-eabi/12.2.1/thumb/v7e-m/nofp/crt0.o (exit)
d:/tools/code/c/arm-none-eabi/bin/../lib/gcc/arm-none-eabi/12.2.1/thumb/v7e-m/nofp\libg.a(libc_a-findfp.o)
                              d:/tools/code/c/arm-none-eabi/bin/../lib/gcc/arm-none-eabi/12.2.1/thumb/v7e-m/nofp\libg.a(libc_a-exit.o) (__stdio_exit_handler)
d:/tools/code/c/arm-none-eabi/bin/../lib/gcc/arm-none-eabi/12.2.1/thumb/v7e-m/nofp\libg.a(libc_a-fwalk.o)
                              d:/tools/code/c/arm-none-eabi/bin/../lib/gcc/arm-none-eabi/12.2.1/thumb/v7e-m/nofp\libg.a(libc_a-findfp.o) (_fwalk_sglue)
d:/tools/code/c/arm-none-eabi/bin/../lib/gcc/arm-none-eabi/12.2.1/thumb/v7e-m/nofp\libg.a(libc_a-stdio.o)
                              d:/tools/code/c/arm-none-eabi/bin/../lib/gcc/arm-none-eabi/12.2.1/thumb/v7e-m/nofp\libg.a(libc_a-findfp.o) (__sread)
d:/tools/code/c/arm-none-eabi/bin/../lib/gcc/arm-none-eabi/12.2.1/thumb/v7e-m/nofp\libg.a(libc_a-memset.o)
                              d:/tools/code/c/arm-none-eabi/bin/../lib/gcc/arm-none-eabi/12.2.1/thumb/v7e-m/nofp/crt0.o (memset)
d:/tools/code/c/arm-none-eabi/bin/../lib/gcc/arm-none-eabi/12.2.1/thumb/v7e-m/nofp\libg.a(libc_a-closer.o)
                              d:/tools/code/c/arm-none-eabi/bin/../lib/gcc/arm-none-eabi/12.2.1/thumb/v7e-m/nofp\libg.a(libc_a-stdio.o) (_close_r)
d:/tools/code/c/arm-none-eabi/bin/../lib/gcc/arm-none-eabi/12.2.1/thumb/v7e-m/nofp\libg.a(libc_a-reent.o)
                              d:/tools/code/c/arm-none-eabi/bin/../lib/gcc/arm-none-eabi/12.2.1/thumb/v7e-m/nofp\libg.a(libc_a-closer.o) (errno)
d:/tools/code/c/arm-none-eabi/bin/../lib/gcc/arm-none-eabi/12.2.1/thumb/v7e-m/nofp\libg.a(libc_a-impure.o)
                              d:/tools/code/c/arm-none-eabi/bin/../lib/gcc/arm-none-eabi/12.2.1/thumb/v7e-m/nofp\libg.a(libc_a-reent.o) (_impure_ptr)
d:/tools/code/c/arm-none-eabi/bin/../lib/gcc/arm-none-eabi/12.2.1/thumb/v7e-m/nofp\libg.a(libc_a-lseekr.o)
                              d:/tools/code/c/arm-none-eabi/bin/../lib/gcc/arm-none-eabi/12.2.1/thumb/v7e-m/nofp\libg.a(libc_a-stdio.o) (_lseek_r)
d:/tools/code/c/arm-none-eabi/bin/../lib/gcc/arm-none-eabi/12.2.1/thumb/v7e-m/nofp\libg.a(libc_a-readr.o)
                              d:/tools/code/c/arm-none-eabi/bin/../lib/gcc/arm-none-eabi/12.2.1/thumb/v7e-m/nofp\libg.a(libc_a-stdio.o) (_read_r)
d:/tools/code/c/arm-none-eabi/bin/../lib/gcc/arm-none-eabi/12.2.1/thumb/v7e-m/nofp\libg.a(libc_a-writer.o)
                              d:/tools/code/c/arm-none-eabi/bin/../lib/gcc/arm-none-eabi/12.2.1/thumb/v7e-m/nofp\libg.a(libc_a-stdio.o) (_write_r)
d:/tools/code/c/arm-none-eabi/bin/../lib/gcc/arm-none-eabi/12.2.1/thumb/v7e-m/nofp\libg.a(libc_a-errno.o)
                              CMakeFiles/GPIO.elf.dir/Core/Src/syscalls.c.obj (__errno)
d:/tools/code/c/arm-none-eabi/bin/../lib/gcc/arm-none-eabi/12.2.1/thumb/v7e-m/nofp\libg.a(libc_a-init.o)
                              d:/tools/code/c/arm-none-eabi/bin/../lib/gcc/arm-none-eabi/12.2.1/thumb/v7e-m/nofp/crt0.o (__libc_init_array)
d:/tools/code/c/arm-none-eabi/bin/../lib/gcc/arm-none-eabi/12.2.1/thumb/v7e-m/nofp\libg.a(libc_a-lock.o)
                              d:/tools/code/c/arm-none-eabi/bin/../lib/gcc/arm-none-eabi/12.2.1/thumb/v7e-m/nofp\libg.a(libc_a-findfp.o) (__retarget_lock_init_recursive)
d:/tools/code/c/arm-none-eabi/bin/../lib/gcc/arm-none-eabi/12.2.1/thumb/v7e-m/nofp\libg.a(libc_a-__call_atexit.o)
                              d:/tools/code/c/arm-none-eabi/bin/../lib/gcc/arm-none-eabi/12.2.1/thumb/v7e-m/nofp\libg.a(libc_a-exit.o) (__call_exitprocs)
d:/tools/code/c/arm-none-eabi/bin/../lib/gcc/arm-none-eabi/12.2.1/thumb/v7e-m/nofp\libg.a(libc_a-atexit.o)
                              d:/tools/code/c/arm-none-eabi/bin/../lib/gcc/arm-none-eabi/12.2.1/thumb/v7e-m/nofp\libg.a(libc_a-__call_atexit.o) (atexit)
d:/tools/code/c/arm-none-eabi/bin/../lib/gcc/arm-none-eabi/12.2.1/thumb/v7e-m/nofp\libg.a(libc_a-freer.o)
[...]
Memory Configuration

Name             Origin             Length             Attributes
RAM              0x20000000         0x00020000         xrw
FLASH            0x08000000         0x00040000         xr
*default*        0x00000000         0xffffffff

Linker script and memory map

LOAD d:/tools/code/c/arm-none-eabi/bin/../lib/gcc/arm-none-eabi/12.2.1/thumb/v7e-m/nofp/crti.o
LOAD d:/tools/code/c/arm-none-eabi/bin/../lib/gcc/arm-none-eabi/12.2.1/thumb/v7e-m/nofp/crtbegin.o
LOAD d:/tools/code/c/arm-none-eabi/bin/../lib/gcc/arm-none-eabi/12.2.1/thumb/v7e-m/nofp/crt0.o
LOAD CMakeFiles/GPIO.elf.dir/Core/Src/gpio.c.obj
LOAD CMakeFiles/GPIO.elf.dir/Core/Src/main.c.obj
LOAD CMakeFiles/GPIO.elf.dir/Core/Src/stm32f4xx_hal_msp.c.obj
LOAD CMakeFiles/GPIO.elf.dir/Core/Src/stm32f4xx_it.c.obj
LOAD CMakeFiles/GPIO.elf.dir/Core/Src/syscalls.c.obj
LOAD CMakeFiles/GPIO.elf.dir/Core/Src/sysmem.c.obj
LOAD CMakeFiles/GPIO.elf.dir/Core/Src/system_stm32f4xx.c.obj
LOAD CMakeFiles/GPIO.elf.dir/Core/Startup/startup_stm32f411rctx.s.obj
LOAD CMakeFiles/GPIO.elf.dir/Drivers/STM32F4xx_HAL_Driver/Src/stm32f4xx_hal.c.obj
LOAD CMakeFiles/GPIO.elf.dir/Drivers/STM32F4xx_HAL_Driver/Src/stm32f4xx_hal_cortex.c.obj
LOAD CMakeFiles/GPIO.elf.dir/Drivers/STM32F4xx_HAL_Driver/Src/stm32f4xx_hal_dma.c.obj
LOAD CMakeFiles/GPIO.elf.dir/Drivers/STM32F4xx_HAL_Driver/Src/stm32f4xx_hal_dma_ex.c.obj
LOAD CMakeFiles/GPIO.elf.dir/Drivers/STM32F4xx_HAL_Driver/Src/stm32f4xx_hal_exti.c.obj
LOAD CMakeFiles/GPIO.elf.dir/Drivers/STM32F4xx_HAL_Driver/Src/stm32f4xx_hal_flash.c.obj
LOAD CMakeFiles/GPIO.elf.dir/Drivers/STM32F4xx_HAL_Driver/Src/stm32f4xx_hal_flash_ex.c.obj
LOAD CMakeFiles/GPIO.elf.dir/Drivers/STM32F4xx_HAL_Driver/Src/stm32f4xx_hal_flash_ramfunc.c.obj
LOAD CMakeFiles/GPIO.elf.dir/Drivers/STM32F4xx_HAL_Driver/Src/stm32f4xx_hal_gpio.c.obj
LOAD CMakeFiles/GPIO.elf.dir/Drivers/STM32F4xx_HAL_Driver/Src/stm32f4xx_hal_pwr.c.obj
LOAD CMakeFiles/GPIO.elf.dir/Drivers/STM32F4xx_HAL_Driver/Src/stm32f4xx_hal_pwr_ex.c.obj
LOAD CMakeFiles/GPIO.elf.dir/Drivers/STM32F4xx_HAL_Driver/Src/stm32f4xx_hal_rcc.c.obj
LOAD CMakeFiles/GPIO.elf.dir/Drivers/STM32F4xx_HAL_Driver/Src/stm32f4xx_hal_rcc_ex.c.obj
LOAD CMakeFiles/GPIO.elf.dir/Drivers/STM32F4xx_HAL_Driver/Src/stm32f4xx_hal_tim.c.obj
LOAD CMakeFiles/GPIO.elf.dir/Drivers/STM32F4xx_HAL_Driver/Src/stm32f4xx_hal_tim_ex.c.obj
START GROUP
LOAD d:/tools/code/c/arm-none-eabi/bin/../lib/gcc/arm-none-eabi/12.2.1/thumb/v7e-m/nofp\libgcc.a
LOAD d:/tools/code/c/arm-none-eabi/bin/../lib/gcc/arm-none-eabi/12.2.1/thumb/v7e-m/nofp\libg.a
LOAD d:/tools/code/c/arm-none-eabi/bin/../lib/gcc/arm-none-eabi/12.2.1/thumb/v7e-m/nofp\libc.a
END GROUP
LOAD d:/tools/code/c/arm-none-eabi/bin/../lib/gcc/arm-none-eabi/12.2.1/thumb/v7e-m/nofp/crtend.o
LOAD d:/tools/code/c/arm-none-eabi/bin/../lib/gcc/arm-none-eabi/12.2.1/thumb/v7e-m/nofp/crtn.o
                0x20020000                        _estack = (ORIGIN (RAM) + LENGTH (RAM))
                0x00000200                        _Min_Heap_Size = 0x200
                0x00000400                        _Min_Stack_Size = 0x400

.isr_vector     0x08000000      0x198
                0x08000000                        . = ALIGN (0x4)
 *(.isr_vector)
 .isr_vector    0x08000000      0x198 CMakeFiles/GPIO.elf.dir/Core/Startup/startup_stm32f411rctx.s.obj
                0x08000000                g_pfnVectors
                0x08000198                        . = ALIGN (0x4)

.text           0x08000198     0x10e4
                0x08000198                        . = ALIGN (0x4)
 *(.text)
 .text          0x08000198       0x30 d:/tools/code/c/arm-none-eabi/bin/../lib/gcc/arm-none-eabi/12.2.1/thumb/v7e-m/nofp\libgcc.a(_aeabi_uldivmod.o)
                0x08000198                __aeabi_uldivmod
 .text          0x080001c8        0x4 d:/tools/code/c/arm-none-eabi/bin/../lib/gcc/arm-none-eabi/12.2.1/thumb/v7e-m/nofp\libgcc.a(_dvmd_tls.o)
                0x080001c8                __aeabi_idiv0
                0x080001c8                __aeabi_ldiv0
 *(.text*)
 .text.deregister_tm_clones
                0x080001cc       0x1c d:/tools/code/c/arm-none-eabi/bin/../lib/gcc/arm-none-eabi/12.2.1/thumb/v7e-m/nofp/crtbegin.o
 .text.register_tm_clones
                0x080001e8       0x24 d:/tools/code/c/arm-none-eabi/bin/../lib/gcc/arm-none-eabi/12.2.1/thumb/v7e-m/nofp/crtbegin.o
 .text.__do_global_dtors_aux
                0x0800020c       0x28 d:/tools/code/c/arm-none-eabi/bin/../lib/gcc/arm-none-eabi/12.2.1/thumb/v7e-m/nofp/crtbegin.o
 .text.frame_dummy
                0x08000234       0x24 d:/tools/code/c/arm-none-eabi/bin/../lib/gcc/arm-none-eabi/12.2.1/thumb/v7e-m/nofp/crtbegin.o
 .text.MX_GPIO_Init
                0x08000258       0x78 CMakeFiles/GPIO.elf.dir/Core/Src/gpio.c.obj
                0x08000258                MX_GPIO_Init
 .text.Error_Handler
                0x080002d0        0x4 CMakeFiles/GPIO.elf.dir/Core/Src/main.c.obj
                0x080002d0                Error_Handler
 .text.SystemClock_Config
                0x080002d4       0xa0 CMakeFiles/GPIO.elf.dir/Core/Src/main.c.obj
                0x080002d4                SystemClock_Config
 .text.main     0x08000374       0x38 CMakeFiles/GPIO.elf.dir/Core/Src/main.c.obj
                0x08000374                main
 .text.HAL_MspInit
                0x080003ac       0x38 CMakeFiles/GPIO.elf.dir/Core/Src/stm32f4xx_hal_msp.c.obj
                0x080003ac                HAL_MspInit
 .text.NMI_Handler
                0x080003e4        0x2 CMakeFiles/GPIO.elf.dir/Core/Src/stm32f4xx_it.c.obj
                0x080003e4                NMI_Handler
 .text.HardFault_Handler
                0x080003e6        0x2 CMakeFiles/GPIO.elf.dir/Core/Src/stm32f4xx_it.c.obj
                0x080003e6                HardFault_Handler
 .text.MemManage_Handler
                0x080003e8        0x2 CMakeFiles/GPIO.elf.dir/Core/Src/stm32f4xx_it.c.obj
                0x080003e8                MemManage_Handler
 .text.BusFault_Handler
                0x080003ea        0x2 CMakeFiles/GPIO.elf.dir/Core/Src/stm32f4xx_it.c.obj
                0x080003ea                BusFault_Handler
 .text.UsageFault_Handler
                0x080003ec        0x2 CMakeFiles/GPIO.elf.dir/Core/Src/stm32f4xx_it.c.obj
                0x080003ec                UsageFault_Handler
 .text.SVC_Handler
                0x080003ee        0x2 CMakeFiles/GPIO.elf.dir/Core/Src/stm32f4xx_it.c.obj
                0x080003ee                SVC_Handler
 .text.DebugMon_Handler
                0x080003f0        0x2 CMakeFiles/GPIO.elf.dir/Core/Src/stm32f4xx_it.c.obj
                0x080003f0                DebugMon_Handler
 .text.PendSV_Handler
                0x080003f2        0x2 CMakeFiles/GPIO.elf.dir/Core/Src/stm32f4xx_it.c.obj
                0x080003f2                PendSV_Handler
 .text.SysTick_Handler
                0x080003f4        0x8 CMakeFiles/GPIO.elf.dir/Core/Src/stm32f4xx_it.c.obj
                0x080003f4                SysTick_Handler
 .text.SystemInit
                0x080003fc        0x2 CMakeFiles/GPIO.elf.dir/Core/Src/system_stm32f4xx.c.obj
                0x080003fc                SystemInit
 *fill*         0x080003fe        0x2 
 .text.Reset_Handler
                0x08000400       0x50 CMakeFiles/GPIO.elf.dir/Core/Startup/startup_stm32f411rctx.s.obj
                0x08000400                Reset_Handler
 .text.Default_Handler
                0x08000450        0x2 CMakeFiles/GPIO.elf.dir/Core/Startup/startup_stm32f411rctx.s.obj
                0x08000450                RTC_Alarm_IRQHandler
                0x08000450                EXTI2_IRQHandler
                0x08000450                SPI4_IRQHandler
                0x08000450                TIM1_CC_IRQHandler
                0x08000450                DMA2_Stream5_IRQHandler
                0x08000450                DMA1_Stream5_IRQHandler
                0x08000450                PVD_IRQHandler
                0x08000450                SDIO_IRQHandler
                0x08000450                TAMP_STAMP_IRQHandler
                0x08000450                EXTI3_IRQHandler
                0x08000450                TIM1_UP_TIM10_IRQHandler
                0x08000450                I2C3_ER_IRQHandler
                0x08000450                EXTI0_IRQHandler
                0x08000450                I2C2_EV_IRQHandler
                0x08000450                DMA1_Stream2_IRQHandler
                0x08000450                FPU_IRQHandler
                0x08000450                DMA2_Stream2_IRQHandler
                0x08000450                SPI1_IRQHandler
                0x08000450                TIM1_BRK_TIM9_IRQHandler
                0x08000450                DMA2_Stream3_IRQHandler
                0x08000450                USART6_IRQHandler
                0x08000450                DMA2_Stream0_IRQHandler
                0x08000450                TIM4_IRQHandler
                0x08000450                I2C1_EV_IRQHandler
                0x08000450                DMA1_Stream6_IRQHandler
                0x08000450                DMA1_Stream1_IRQHandler
                0x08000450                TIM3_IRQHandler
                0x08000450                RCC_IRQHandler
                0x08000450                Default_Handler
                0x08000450                EXTI15_10_IRQHandler
                0x08000450                ADC_IRQHandler
                0x08000450                DMA1_Stream7_IRQHandler
                0x08000450                SPI5_IRQHandler
                0x08000450                TIM5_IRQHandler
                0x08000450                DMA2_Stream7_IRQHandler
                0x08000450                I2C3_EV_IRQHandler
                0x08000450                EXTI9_5_IRQHandler
                0x08000450                RTC_WKUP_IRQHandler
                0x08000450                SPI2_IRQHandler
                0x08000450                DMA1_Stream0_IRQHandler
                0x08000450                EXTI4_IRQHandler
                0x08000450                WWDG_IRQHandler
                0x08000450                TIM2_IRQHandler
                0x08000450                OTG_FS_WKUP_IRQHandler
                0x08000450                TIM1_TRG_COM_TIM11_IRQHandler
                0x08000450                EXTI1_IRQHandler
                0x08000450                USART2_IRQHandler
                0x08000450                I2C2_ER_IRQHandler
                0x08000450                DMA2_Stream1_IRQHandler
                0x08000450                FLASH_IRQHandler
                0x08000450                DMA2_Stream4_IRQHandler
                0x08000450                USART1_IRQHandler
                0x08000450                OTG_FS_IRQHandler
                0x08000450                SPI3_IRQHandler
                0x08000450                DMA1_Stream4_IRQHandler
                0x08000450                I2C1_ER_IRQHandler
                0x08000450                DMA2_Stream6_IRQHandler
                0x08000450                DMA1_Stream3_IRQHandler
 *fill*         0x08000452        0x2 
 .text.HAL_InitTick
                0x08000454       0x4c CMakeFiles/GPIO.elf.dir/Drivers/STM32F4xx_HAL_Driver/Src/stm32f4xx_hal.c.obj
                0x08000454                HAL_InitTick
 .text.HAL_Init
                0x080004a0       0x34 CMakeFiles/GPIO.elf.dir/Drivers/STM32F4xx_HAL_Driver/Src/stm32f4xx_hal.c.obj
                0x080004a0                HAL_Init
 .text.HAL_IncTick
                0x080004d4       0x18 CMakeFiles/GPIO.elf.dir/Drivers/STM32F4xx_HAL_Driver/Src/stm32f4xx_hal.c.obj
                0x080004d4                HAL_IncTick
 .text.HAL_GetTick
                0x080004ec        0xc CMakeFiles/GPIO.elf.dir/Drivers/STM32F4xx_HAL_Driver/Src/stm32f4xx_hal.c.obj
                0x080004ec                HAL_GetTick
 .text.HAL_Delay
                0x080004f8       0x28 CMakeFiles/GPIO.elf.dir/Drivers/STM32F4xx_HAL_Driver/Src/stm32f4xx_hal.c.obj
                0x080004f8                HAL_Delay
 .text.__NVIC_SetPriority
                0x08000520       0x28 CMakeFiles/GPIO.elf.dir/Drivers/STM32F4xx_HAL_Driver/Src/stm32f4xx_hal_cortex.c.obj
 .text.NVIC_EncodePriority
                0x08000548       0x3e CMakeFiles/GPIO.elf.dir/Drivers/STM32F4xx_HAL_Driver/Src/stm32f4xx_hal_cortex.c.obj
 *fill*         0x08000586        0x2 
 .text.HAL_NVIC_SetPriorityGrouping
                0x08000588       0x24 CMakeFiles/GPIO.elf.dir/Drivers/STM32F4xx_HAL_Driver/Src/stm32f4xx_hal_cortex.c.obj
                0x08000588                HAL_NVIC_SetPriorityGrouping
 .text.HAL_NVIC_SetPriority
                0x080005ac       0x20 CMakeFiles/GPIO.elf.dir/Drivers/STM32F4xx_HAL_Driver/Src/stm32f4xx_hal_cortex.c.obj
                0x080005ac                HAL_NVIC_SetPriority
 .text.HAL_SYSTICK_Config
                0x080005cc       0x28 CMakeFiles/GPIO.elf.dir/Drivers/STM32F4xx_HAL_Driver/Src/stm32f4xx_hal_cortex.c.obj
                0x080005cc                HAL_SYSTICK_Config
 .text.HAL_GPIO_Init
                0x080005f4      0x1d0 CMakeFiles/GPIO.elf.dir/Drivers/STM32F4xx_HAL_Driver/Src/stm32f4xx_hal_gpio.c.obj
                0x080005f4                HAL_GPIO_Init
 .text.HAL_GPIO_WritePin
                0x080007c4        0xc CMakeFiles/GPIO.elf.dir/Drivers/STM32F4xx_HAL_Driver/Src/stm32f4xx_hal_gpio.c.obj
                0x080007c4                HAL_GPIO_WritePin
 .text.HAL_GPIO_TogglePin
                0x080007d0       0x12 CMakeFiles/GPIO.elf.dir/Drivers/STM32F4xx_HAL_Driver/Src/stm32f4xx_hal_gpio.c.obj
                0x080007d0                HAL_GPIO_TogglePin
 *fill*         0x080007e2        0x2 
 .text.HAL_RCC_OscConfig
                0x080007e4      0x3f8 CMakeFiles/GPIO.elf.dir/Drivers/STM32F4xx_HAL_Driver/Src/stm32f4xx_hal_rcc.c.obj
                0x080007e4                HAL_RCC_OscConfig
 .text.HAL_RCC_GetSysClockFreq
                0x08000bdc       0xa8 CMakeFiles/GPIO.elf.dir/Drivers/STM32F4xx_HAL_Driver/Src/stm32f4xx_hal_rcc.c.obj
                0x08000bdc                HAL_RCC_GetSysClockFreq
 .text.HAL_RCC_ClockConfig
                0x08000c84      0x160 CMakeFiles/GPIO.elf.dir/Drivers/STM32F4xx_HAL_Driver/Src/stm32f4xx_hal_rcc.c.obj
                0x08000c84                HAL_RCC_ClockConfig
 .text.__udivmoddi4
                0x08000de4      0x2bc d:/tools/code/c/arm-none-eabi/bin/../lib/gcc/arm-none-eabi/12.2.1/thumb/v7e-m/nofp\libgcc.a(_udivmoddi4.o)
                0x08000de4                __udivmoddi4
 .text.memset   0x080010a0       0xa4 d:/tools/code/c/arm-none-eabi/bin/../lib/gcc/arm-none-eabi/12.2.1/thumb/v7e-m/nofp\libg.a(libc_a-memset.o)
                0x080010a0                memset
 .text.__libc_init_array
                0x08001144       0x50 d:/tools/code/c/arm-none-eabi/bin/../lib/gcc/arm-none-eabi/12.2.1/thumb/v7e-m/nofp\libg.a(libc_a-init.o)
                0x08001144                __libc_init_array
 .text.__retarget_lock_acquire_recursive
                0x08001194        0x4 d:/tools/code/c/arm-none-eabi/bin/../lib/gcc/arm-none-eabi/12.2.1/thumb/v7e-m/nofp\libg.a(libc_a-lock.o)
                0x08001194                __retarget_lock_acquire_recursive
 .text.__retarget_lock_release_recursive
                0x08001198        0x4 d:/tools/code/c/arm-none-eabi/bin/../lib/gcc/arm-none-eabi/12.2.1/thumb/v7e-m/nofp\libg.a(libc_a-lock.o)
                0x08001198                __retarget_lock_release_recursive
 .text.startup.register_fini
                0x0800119c       0x14 d:/tools/code/c/arm-none-eabi/bin/../lib/gcc/arm-none-eabi/12.2.1/thumb/v7e-m/nofp\libg.a(libc_a-__call_atexit.o)
 .text.atexit   0x080011b0        0xc d:/tools/code/c/arm-none-eabi/bin/../lib/gcc/arm-none-eabi/12.2.1/thumb/v7e-m/nofp\libg.a(libc_a-atexit.o)
                0x080011b0                atexit
 .text.__libc_fini_array
                0x080011bc       0x28 d:/tools/code/c/arm-none-eabi/bin/../lib/gcc/arm-none-eabi/12.2.1/thumb/v7e-m/nofp\libg.a(libc_a-fini.o)
                0x080011bc                __libc_fini_array
 .text.__register_exitproc
                0x080011e4       0x80 d:/tools/code/c/arm-none-eabi/bin/../lib/gcc/arm-none-eabi/12.2.1/thumb/v7e-m/nofp\libg.a(libc_a-__atexit.o)
                0x080011e4                __register_exitproc
 *(.glue_7)
 .glue_7        0x08001264        0x0 linker stubs
 *(.glue_7t)
 .glue_7t       0x08001264        0x0 linker stubs
 *(.eh_frame)
 .eh_frame      0x08001264        0x0 d:/tools/code/c/arm-none-eabi/bin/../lib/gcc/arm-none-eabi/12.2.1/thumb/v7e-m/nofp/crtbegin.o
 *(.init)
 .init          0x08001264        0x4 d:/tools/code/c/arm-none-eabi/bin/../lib/gcc/arm-none-eabi/12.2.1/thumb/v7e-m/nofp/crti.o
                0x08001264                _init
 .init          0x08001268        0x8 d:/tools/code/c/arm-none-eabi/bin/../lib/gcc/arm-none-eabi/12.2.1/thumb/v7e-m/nofp/crtn.o
 *(.fini)
 .fini          0x08001270        0x4 d:/tools/code/c/arm-none-eabi/bin/../lib/gcc/arm-none-eabi/12.2.1/thumb/v7e-m/nofp/crti.o
                0x08001270                _fini
 .fini          0x08001274        0x8 d:/tools/code/c/arm-none-eabi/bin/../lib/gcc/arm-none-eabi/12.2.1/thumb/v7e-m/nofp/crtn.o
                0x0800127c                        . = ALIGN (0x4)
                0x0800127c                        _etext = .

.vfp11_veneer   0x0800127c        0x0
 .vfp11_veneer  0x0800127c        0x0 linker stubs

.v4_bx          0x0800127c        0x0
 .v4_bx         0x0800127c        0x0 linker stubs

.iplt           0x0800127c        0x0
 .iplt          0x0800127c        0x0 d:/tools/code/c/arm-none-eabi/bin/../lib/gcc/arm-none-eabi/12.2.1/thumb/v7e-m/nofp/crtbegin.o

.rodata         0x0800127c       0x10
                0x0800127c                        . = ALIGN (0x4)
 *(.rodata)
 *(.rodata*)
 .rodata.AHBPrescTable
                0x0800127c       0x10 CMakeFiles/GPIO.elf.dir/Core/Src/system_stm32f4xx.c.obj
                0x0800127c                AHBPrescTable
                0x0800128c                        . = ALIGN (0x4)

.ARM.extab      0x0800128c        0x0
                0x0800128c                        . = ALIGN (0x4)
 *(.ARM.extab* .gnu.linkonce.armextab.*)
                0x0800128c                        . = ALIGN (0x4)

.ARM            0x0800128c        0x8
                0x0800128c                        . = ALIGN (0x4)
                0x0800128c                        __exidx_start = .
 *(.ARM.exidx*)
 .ARM.exidx.text.__udivmoddi4
                0x0800128c        0x8 d:/tools/code/c/arm-none-eabi/bin/../lib/gcc/arm-none-eabi/12.2.1/thumb/v7e-m/nofp\libgcc.a(_udivmoddi4.o)
                0x08001294                        __exidx_end = .
                0x08001294                        . = ALIGN (0x4)

.rel.dyn        0x08001294        0x0
 .rel.iplt      0x08001294        0x0 d:/tools/code/c/arm-none-eabi/bin/../lib/gcc/arm-none-eabi/12.2.1/thumb/v7e-m/nofp/crtbegin.o

.preinit_array  0x08001294        0x0
                0x08001294                        . = ALIGN (0x4)
                0x08001294                        PROVIDE (__preinit_array_start = .)
 *(.preinit_array*)
                0x08001294                        PROVIDE (__preinit_array_end = .)
                0x08001294                        . = ALIGN (0x4)

.init_array     0x08001294        0x8
                0x08001294                        . = ALIGN (0x4)
                0x08001294                        PROVIDE (__init_array_start = .)
 *(SORT_BY_NAME(.init_array.*))
 .init_array.00000
                0x08001294        0x4 d:/tools/code/c/arm-none-eabi/bin/../lib/gcc/arm-none-eabi/12.2.1/thumb/v7e-m/nofp\libg.a(libc_a-__call_atexit.o)
 *(.init_array*)
 .init_array    0x08001298        0x4 d:/tools/code/c/arm-none-eabi/bin/../lib/gcc/arm-none-eabi/12.2.1/thumb/v7e-m/nofp/crtbegin.o
                0x0800129c                        PROVIDE (__init_array_end = .)
                0x0800129c                        . = ALIGN (0x4)

.fini_array     0x0800129c        0x4
                0x0800129c                        . = ALIGN (0x4)
                0x0800129c                        PROVIDE (__fini_array_start = .)
 *(SORT_BY_NAME(.fini_array.*))
 *(.fini_array*)
 .fini_array    0x0800129c        0x4 d:/tools/code/c/arm-none-eabi/bin/../lib/gcc/arm-none-eabi/12.2.1/thumb/v7e-m/nofp/crtbegin.o
                0x080012a0                        PROVIDE (__fini_array_end = .)
                0x080012a0                        . = ALIGN (0x4)
                0x080012a0                        _sidata = LOADADDR (.data)

.data           0x20000000       0x10 load address 0x080012a0
                0x20000000                        . = ALIGN (0x4)
                0x20000000                        _sdata = .
 *(.data)
 *(.data*)
 .data.SystemCoreClock
                0x20000000        0x4 CMakeFiles/GPIO.elf.dir/Core/Src/system_stm32f4xx.c.obj
                0x20000000                SystemCoreClock
 .data.uwTickFreq
                0x20000004        0x1 CMakeFiles/GPIO.elf.dir/Drivers/STM32F4xx_HAL_Driver/Src/stm32f4xx_hal.c.obj
                0x20000004                uwTickFreq
 *fill*         0x20000005        0x3 
 .data.uwTickPrio
                0x20000008        0x4 CMakeFiles/GPIO.elf.dir/Drivers/STM32F4xx_HAL_Driver/Src/stm32f4xx_hal.c.obj
                0x20000008                uwTickPrio
 .data.__atexit_recursive_mutex
                0x2000000c        0x4 d:/tools/code/c/arm-none-eabi/bin/../lib/gcc/arm-none-eabi/12.2.1/thumb/v7e-m/nofp\libg.a(libc_a-__call_atexit.o)
                0x2000000c                __atexit_recursive_mutex
 *(.RamFunc)
 *(.RamFunc*)
                0x20000010                        . = ALIGN (0x4)
                0x20000010                        _edata = .

.tm_clone_table
                0x20000010        0x0 load address 0x080012b0
 .tm_clone_table
                0x20000010        0x0 d:/tools/code/c/arm-none-eabi/bin/../lib/gcc/arm-none-eabi/12.2.1/thumb/v7e-m/nofp/crtbegin.o
 .tm_clone_table
                0x20000010        0x0 d:/tools/code/c/arm-none-eabi/bin/../lib/gcc/arm-none-eabi/12.2.1/thumb/v7e-m/nofp/crtend.o

.igot.plt       0x20000010        0x0 load address 0x080012b0
 .igot.plt      0x20000010        0x0 d:/tools/code/c/arm-none-eabi/bin/../lib/gcc/arm-none-eabi/12.2.1/thumb/v7e-m/nofp/crtbegin.o
                0x20000010                        . = ALIGN (0x4)

.bss            0x20000010      0x1b8 load address 0x080012b0
                0x20000010                        _sbss = .
                0x20000010                        __bss_start__ = _sbss
 *(.bss)
 *(.bss*)
 .bss.completed.1
                0x20000010        0x1 d:/tools/code/c/arm-none-eabi/bin/../lib/gcc/arm-none-eabi/12.2.1/thumb/v7e-m/nofp/crtbegin.o
 *fill*         0x20000011        0x3 
 .bss.object.0  0x20000014       0x18 d:/tools/code/c/arm-none-eabi/bin/../lib/gcc/arm-none-eabi/12.2.1/thumb/v7e-m/nofp/crtbegin.o
 .bss.uwTick    0x2000002c        0x4 CMakeFiles/GPIO.elf.dir/Drivers/STM32F4xx_HAL_Driver/Src/stm32f4xx_hal.c.obj
                0x2000002c                uwTick
 .bss.__lock___atexit_recursive_mutex
                0x20000030        0x1 d:/tools/code/c/arm-none-eabi/bin/../lib/gcc/arm-none-eabi/12.2.1/thumb/v7e-m/nofp\libg.a(libc_a-lock.o)
                0x20000030                __lock___atexit_recursive_mutex
 *fill*         0x20000031        0x3 
 .bss.__atexit  0x20000034        0x4 d:/tools/code/c/arm-none-eabi/bin/../lib/gcc/arm-none-eabi/12.2.1/thumb/v7e-m/nofp\libg.a(libc_a-__call_atexit.o)
                0x20000034                __atexit
 .bss.__atexit0
                0x20000038      0x190 d:/tools/code/c/arm-none-eabi/bin/../lib/gcc/arm-none-eabi/12.2.1/thumb/v7e-m/nofp\libg.a(libc_a-__atexit.o)
                0x20000038                __atexit0
 *(COMMON)
                0x200001c8                        . = ALIGN (0x4)
                0x200001c8                        _ebss = .
                0x200001c8                        __bss_end__ = _ebss

._user_heap_stack
                0x200001c8      0x600 load address 0x080012b0
                0x200001c8                        . = ALIGN (0x8)
                [!provide]                        PROVIDE (end = .)
                0x200001c8                        PROVIDE (_end = .)
                0x200003c8                        . = (. + _Min_Heap_Size)
 *fill*         0x200001c8      0x200 
                0x200007c8                        . = (. + _Min_Stack_Size)
 *fill*         0x200003c8      0x400 
                0x200007c8                        . = ALIGN (0x8)

/DISCARD/
 libc.a(*)
 libm.a(*)
 libgcc.a(*)

.ARM.attributes
                0x00000000       0x2a
 *(.ARM.attributes)
 .ARM.attributes
                0x00000000       0x1e d:/tools/code/c/arm-none-eabi/bin/../lib/gcc/arm-none-eabi/12.2.1/thumb/v7e-m/nofp/crti.o
 .ARM.attributes
                0x0000001e       0x2e d:/tools/code/c/arm-none-eabi/bin/../lib/gcc/arm-none-eabi/12.2.1/thumb/v7e-m/nofp/crtbegin.o
 .ARM.attributes
                0x0000004c       0x2e CMakeFiles/GPIO.elf.dir/Core/Src/gpio.c.obj
 .ARM.attributes
                0x0000007a       0x2e CMakeFiles/GPIO.elf.dir/Core/Src/main.c.obj
 .ARM.attributes
                0x000000a8       0x2e CMakeFiles/GPIO.elf.dir/Core/Src/stm32f4xx_hal_msp.c.obj
 .ARM.attributes
                0x000000d6       0x2e CMakeFiles/GPIO.elf.dir/Core/Src/stm32f4xx_it.c.obj
 .ARM.attributes
                0x00000104       0x2e CMakeFiles/GPIO.elf.dir/Core/Src/system_stm32f4xx.c.obj
 .ARM.attributes
                0x00000132       0x21 CMakeFiles/GPIO.elf.dir/Core/Startup/startup_stm32f411rctx.s.obj
 .ARM.attributes
                0x00000153       0x2e CMakeFiles/GPIO.elf.dir/Drivers/STM32F4xx_HAL_Driver/Src/stm32f4xx_hal.c.obj
 .ARM.attributes
                0x00000181       0x2e CMakeFiles/GPIO.elf.dir/Drivers/STM32F4xx_HAL_Driver/Src/stm32f4xx_hal_cortex.c.obj
 .ARM.attributes
                0x000001af       0x2e CMakeFiles/GPIO.elf.dir/Drivers/STM32F4xx_HAL_Driver/Src/stm32f4xx_hal_gpio.c.obj
 .ARM.attributes
                0x000001dd       0x2e CMakeFiles/GPIO.elf.dir/Drivers/STM32F4xx_HAL_Driver/Src/stm32f4xx_hal_rcc.c.obj
 .ARM.attributes
                0x0000020b       0x1e d:/tools/code/c/arm-none-eabi/bin/../lib/gcc/arm-none-eabi/12.2.1/thumb/v7e-m/nofp\libgcc.a(_aeabi_uldivmod.o)
 .ARM.attributes
                0x00000229       0x2e d:/tools/code/c/arm-none-eabi/bin/../lib/gcc/arm-none-eabi/12.2.1/thumb/v7e-m/nofp\libgcc.a(_udivmoddi4.o)
 .ARM.attributes
                0x00000257       0x1e d:/tools/code/c/arm-none-eabi/bin/../lib/gcc/arm-none-eabi/12.2.1/thumb/v7e-m/nofp\libgcc.a(_dvmd_tls.o)
 .ARM.attributes
                0x00000275       0x2e d:/tools/code/c/arm-none-eabi/bin/../lib/gcc/arm-none-eabi/12.2.1/thumb/v7e-m/nofp\libg.a(libc_a-memset.o)
 .ARM.attributes
                0x000002a3       0x2e d:/tools/code/c/arm-none-eabi/bin/../lib/gcc/arm-none-eabi/12.2.1/thumb/v7e-m/nofp\libg.a(libc_a-init.o)
 .ARM.attributes
                0x000002d1       0x2e d:/tools/code/c/arm-none-eabi/bin/../lib/gcc/arm-none-eabi/12.2.1/thumb/v7e-m/nofp\libg.a(libc_a-lock.o)
 .ARM.attributes
                0x000002ff       0x2e d:/tools/code/c/arm-none-eabi/bin/../lib/gcc/arm-none-eabi/12.2.1/thumb/v7e-m/nofp\libg.a(libc_a-__call_atexit.o)
 .ARM.attributes
                0x0000032d       0x2e d:/tools/code/c/arm-none-eabi/bin/../lib/gcc/arm-none-eabi/12.2.1/thumb/v7e-m/nofp\libg.a(libc_a-atexit.o)
 .ARM.attributes
                0x0000035b       0x2e d:/tools/code/c/arm-none-eabi/bin/../lib/gcc/arm-none-eabi/12.2.1/thumb/v7e-m/nofp\libg.a(libc_a-fini.o)
 .ARM.attributes
                0x00000389       0x2e d:/tools/code/c/arm-none-eabi/bin/../lib/gcc/arm-none-eabi/12.2.1/thumb/v7e-m/nofp\libg.a(libc_a-__atexit.o)
 .ARM.attributes
                0x000003b7       0x2e d:/tools/code/c/arm-none-eabi/bin/../lib/gcc/arm-none-eabi/12.2.1/thumb/v7e-m/nofp/crtend.o
 .ARM.attributes
                0x000003e5       0x1e d:/tools/code/c/arm-none-eabi/bin/../lib/gcc/arm-none-eabi/12.2.1/thumb/v7e-m/nofp/crtn.o
OUTPUT(GPIO.elf elf32-littlearm)
LOAD linker stubs
LOAD d:/tools/code/c/arm-none-eabi/bin/../lib/gcc/arm-none-eabi/12.2.1/thumb/v7e-m/nofp\libc.a
LOAD d:/tools/code/c/arm-none-eabi/bin/../lib/gcc/arm-none-eabi/12.2.1/thumb/v7e-m/nofp\libm.a
LOAD d:/tools/code/c/arm-none-eabi/bin/../lib/gcc/arm-none-eabi/12.2.1/thumb/v7e-m/nofp\libgcc.a

.debug_info     0x00000000     0x3c48
 .debug_info    0x00000000      0x44b CMakeFiles/GPIO.elf.dir/Core/Src/gpio.c.obj
 .debug_info    0x0000044b      0x68f CMakeFiles/GPIO.elf.dir/Core/Src/main.c.obj
 .debug_info    0x00000ada      0x28d CMakeFiles/GPIO.elf.dir/Core/Src/stm32f4xx_hal_msp.c.obj
 .debug_info    0x00000d67      0x11c CMakeFiles/GPIO.elf.dir/Core/Src/stm32f4xx_it.c.obj
 .debug_info    0x00000e83      0x35c CMakeFiles/GPIO.elf.dir/Core/Src/system_stm32f4xx.c.obj
 .debug_info    0x000011df       0x30 CMakeFiles/GPIO.elf.dir/Core/Startup/startup_stm32f411rctx.s.obj
 .debug_info    0x0000120f      0x962 CMakeFiles/GPIO.elf.dir/Drivers/STM32F4xx_HAL_Driver/Src/stm32f4xx_hal.c.obj
 .debug_info    0x00001b71      0xeed CMakeFiles/GPIO.elf.dir/Drivers/STM32F4xx_HAL_Driver/Src/stm32f4xx_hal_cortex.c.obj
 .debug_info    0x00002a5e      0x73a CMakeFiles/GPIO.elf.dir/Drivers/STM32F4xx_HAL_Driver/Src/stm32f4xx_hal_gpio.c.obj
 .debug_info    0x00003198      0xab0 CMakeFiles/GPIO.elf.dir/Drivers/STM32F4xx_HAL_Driver/Src/stm32f4xx_hal_rcc.c.obj

.debug_abbrev   0x00000000     0x10d7
 .debug_abbrev  0x00000000      0x163 CMakeFiles/GPIO.elf.dir/Core/Src/gpio.c.obj
 .debug_abbrev  0x00000163      0x206 CMakeFiles/GPIO.elf.dir/Core/Src/main.c.obj
 .debug_abbrev  0x00000369       0xd6 CMakeFiles/GPIO.elf.dir/Core/Src/stm32f4xx_hal_msp.c.obj
 .debug_abbrev  0x0000043f       0x7c CMakeFiles/GPIO.elf.dir/Core/Src/stm32f4xx_it.c.obj
 .debug_abbrev  0x000004bb      0x120 CMakeFiles/GPIO.elf.dir/Core/Src/system_stm32f4xx.c.obj
 .debug_abbrev  0x000005db       0x24 CMakeFiles/GPIO.elf.dir/Core/Startup/startup_stm32f411rctx.s.obj
 .debug_abbrev  0x000005ff      0x277 CMakeFiles/GPIO.elf.dir/Drivers/STM32F4xx_HAL_Driver/Src/stm32f4xx_hal.c.obj
 .debug_abbrev  0x00000876      0x39b CMakeFiles/GPIO.elf.dir/Drivers/STM32F4xx_HAL_Driver/Src/stm32f4xx_hal_cortex.c.obj
 .debug_abbrev  0x00000c11      0x201 CMakeFiles/GPIO.elf.dir/Drivers/STM32F4xx_HAL_Driver/Src/stm32f4xx_hal_gpio.c.obj
 .debug_abbrev  0x00000e12      0x2c5 CMakeFiles/GPIO.elf.dir/Drivers/STM32F4xx_HAL_Driver/Src/stm32f4xx_hal_rcc.c.obj

.debug_aranges  0x00000000      0x3c8
 .debug_aranges
                0x00000000       0x20 CMakeFiles/GPIO.elf.dir/Core/Src/gpio.c.obj
 .debug_aranges
                0x00000020       0x30 CMakeFiles/GPIO.elf.dir/Core/Src/main.c.obj
 .debug_aranges
                0x00000050       0x20 CMakeFiles/GPIO.elf.dir/Core/Src/stm32f4xx_hal_msp.c.obj
 .debug_aranges
                0x00000070       0x60 CMakeFiles/GPIO.elf.dir/Core/Src/stm32f4xx_it.c.obj
 .debug_aranges
                0x000000d0       0x28 CMakeFiles/GPIO.elf.dir/Core/Src/system_stm32f4xx.c.obj
 .debug_aranges
                0x000000f8       0x28 CMakeFiles/GPIO.elf.dir/Core/Startup/startup_stm32f411rctx.s.obj
 .debug_aranges
                0x00000120       0xf0 CMakeFiles/GPIO.elf.dir/Drivers/STM32F4xx_HAL_Driver/Src/stm32f4xx_hal.c.obj
 .debug_aranges
                0x00000210       0xd8 CMakeFiles/GPIO.elf.dir/Drivers/STM32F4xx_HAL_Driver/Src/stm32f4xx_hal_cortex.c.obj
 .debug_aranges
                0x000002e8       0x58 CMakeFiles/GPIO.elf.dir/Drivers/STM32F4xx_HAL_Driver/Src/stm32f4xx_hal_gpio.c.obj
 .debug_aranges
                0x00000340       0x88 CMakeFiles/GPIO.elf.dir/Drivers/STM32F4xx_HAL_Driver/Src/stm32f4xx_hal_rcc.c.obj

.debug_rnglists
                0x00000000      0x2bc
 .debug_rnglists
                0x00000000       0x13 CMakeFiles/GPIO.elf.dir/Core/Src/gpio.c.obj
 .debug_rnglists
                0x00000013       0x20 CMakeFiles/GPIO.elf.dir/Core/Src/main.c.obj
 .debug_rnglists
                0x00000033       0x13 CMakeFiles/GPIO.elf.dir/Core/Src/stm32f4xx_hal_msp.c.obj
 .debug_rnglists
                0x00000046       0x43 CMakeFiles/GPIO.elf.dir/Core/Src/stm32f4xx_it.c.obj
 .debug_rnglists
                0x00000089       0x1a CMakeFiles/GPIO.elf.dir/Core/Src/system_stm32f4xx.c.obj
 .debug_rnglists
                0x000000a3       0x19 CMakeFiles/GPIO.elf.dir/Core/Startup/startup_stm32f411rctx.s.obj
 .debug_rnglists
                0x000000bc       0xaf CMakeFiles/GPIO.elf.dir/Drivers/STM32F4xx_HAL_Driver/Src/stm32f4xx_hal.c.obj
 .debug_rnglists
                0x0000016b       0x9d CMakeFiles/GPIO.elf.dir/Drivers/STM32F4xx_HAL_Driver/Src/stm32f4xx_hal_cortex.c.obj
 .debug_rnglists
                0x00000208       0x3f CMakeFiles/GPIO.elf.dir/Drivers/STM32F4xx_HAL_Driver/Src/stm32f4xx_hal_gpio.c.obj
 .debug_rnglists
                0x00000247       0x75 CMakeFiles/GPIO.elf.dir/Drivers/STM32F4xx_HAL_Driver/Src/stm32f4xx_hal_rcc.c.obj

.debug_line     0x00000000     0x2dab
 .debug_line    0x00000000      0x222 CMakeFiles/GPIO.elf.dir/Core/Src/gpio.c.obj
 .debug_line    0x00000222      0x402 CMakeFiles/GPIO.elf.dir/Core/Src/main.c.obj
 .debug_line    0x00000624      0x195 CMakeFiles/GPIO.elf.dir/Core/Src/stm32f4xx_hal_msp.c.obj
 .debug_line    0x000007b9      0x1db CMakeFiles/GPIO.elf.dir/Core/Src/stm32f4xx_it.c.obj
 .debug_line    0x00000994      0x25d CMakeFiles/GPIO.elf.dir/Core/Src/system_stm32f4xx.c.obj
 .debug_line    0x00000bf1       0x7a CMakeFiles/GPIO.elf.dir/Core/Startup/startup_stm32f411rctx.s.obj
 .debug_line    0x00000c6b      0x609 CMakeFiles/GPIO.elf.dir/Drivers/STM32F4xx_HAL_Driver/Src/stm32f4xx_hal.c.obj
 .debug_line    0x00001274      0x8b4 CMakeFiles/GPIO.elf.dir/Drivers/STM32F4xx_HAL_Driver/Src/stm32f4xx_hal_cortex.c.obj
 .debug_line    0x00001b28      0x710 CMakeFiles/GPIO.elf.dir/Drivers/STM32F4xx_HAL_Driver/Src/stm32f4xx_hal_gpio.c.obj
 .debug_line    0x00002238      0xb73 CMakeFiles/GPIO.elf.dir/Drivers/STM32F4xx_HAL_Driver/Src/stm32f4xx_hal_rcc.c.obj

.debug_str      0x00000000     0x1751
 .debug_str     0x00000000      0x38e CMakeFiles/GPIO.elf.dir/Core/Src/gpio.c.obj
                                0x3de (size before relaxing)
 .debug_str     0x0000038e      0x22f CMakeFiles/GPIO.elf.dir/Core/Src/main.c.obj
                                0x555 (size before relaxing)
 .debug_str     0x000005bd       0x5b CMakeFiles/GPIO.elf.dir/Core/Src/stm32f4xx_hal_msp.c.obj
                                0x31f (size before relaxing)
 .debug_str     0x00000618       0xe6 CMakeFiles/GPIO.elf.dir/Core/Src/stm32f4xx_it.c.obj
                                0x281 (size before relaxing)
 .debug_str     0x000006fe       0xb6 CMakeFiles/GPIO.elf.dir/Core/Src/system_stm32f4xx.c.obj
                                0x385 (size before relaxing)
 .debug_str     0x000007b4       0x73 CMakeFiles/GPIO.elf.dir/Core/Startup/startup_stm32f411rctx.s.obj
                                 0xc3 (size before relaxing)
 .debug_str     0x00000827      0x729 CMakeFiles/GPIO.elf.dir/Drivers/STM32F4xx_HAL_Driver/Src/stm32f4xx_hal.c.obj
                                0xa70 (size before relaxing)
 .debug_str     0x00000f50      0x4e8 CMakeFiles/GPIO.elf.dir/Drivers/STM32F4xx_HAL_Driver/Src/stm32f4xx_hal_cortex.c.obj
                                0xb26 (size before relaxing)
 .debug_str     0x00001438      0x146 CMakeFiles/GPIO.elf.dir/Drivers/STM32F4xx_HAL_Driver/Src/stm32f4xx_hal_gpio.c.obj
                                0x544 (size before relaxing)
 .debug_str     0x0000157e      0x1d3 CMakeFiles/GPIO.elf.dir/Drivers/STM32F4xx_HAL_Driver/Src/stm32f4xx_hal_rcc.c.obj
                                0x76a (size before relaxing)

.comment        0x00000000       0x55
 .comment       0x00000000       0x55 CMakeFiles/GPIO.elf.dir/Core/Src/gpio.c.obj
                                 0x56 (size before relaxing)
 .comment       0x00000055       0x56 CMakeFiles/GPIO.elf.dir/Core/Src/main.c.obj
 .comment       0x00000055       0x56 CMakeFiles/GPIO.elf.dir/Core/Src/stm32f4xx_hal_msp.c.obj
 .comment       0x00000055       0x56 CMakeFiles/GPIO.elf.dir/Core/Src/stm32f4xx_it.c.obj
 .comment       0x00000055       0x56 CMakeFiles/GPIO.elf.dir/Core/Src/system_stm32f4xx.c.obj
 .comment       0x00000055       0x56 CMakeFiles/GPIO.elf.dir/Drivers/STM32F4xx_HAL_Driver/Src/stm32f4xx_hal.c.obj
 .comment       0x00000055       0x56 CMakeFiles/GPIO.elf.dir/Drivers/STM32F4xx_HAL_Driver/Src/stm32f4xx_hal_cortex.c.obj
 .comment       0x00000055       0x56 CMakeFiles/GPIO.elf.dir/Drivers/STM32F4xx_HAL_Driver/Src/stm32f4xx_hal_gpio.c.obj
 .comment       0x00000055       0x56 CMakeFiles/GPIO.elf.dir/Drivers/STM32F4xx_HAL_Driver/Src/stm32f4xx_hal_rcc.c.obj

.debug_frame    0x00000000      0x9cc
 .debug_frame   0x00000000       0x30 CMakeFiles/GPIO.elf.dir/Core/Src/gpio.c.obj
 .debug_frame   0x00000030       0x58 CMakeFiles/GPIO.elf.dir/Core/Src/main.c.obj
 .debug_frame   0x00000088       0x28 CMakeFiles/GPIO.elf.dir/Core/Src/stm32f4xx_hal_msp.c.obj
 .debug_frame   0x000000b0       0xa8 CMakeFiles/GPIO.elf.dir/Core/Src/stm32f4xx_it.c.obj
 .debug_frame   0x00000158       0x30 CMakeFiles/GPIO.elf.dir/Core/Src/system_stm32f4xx.c.obj
 .debug_frame   0x00000188      0x1ec CMakeFiles/GPIO.elf.dir/Drivers/STM32F4xx_HAL_Driver/Src/stm32f4xx_hal.c.obj
 .debug_frame   0x00000374      0x1cc CMakeFiles/GPIO.elf.dir/Drivers/STM32F4xx_HAL_Driver/Src/stm32f4xx_hal_cortex.c.obj
 .debug_frame   0x00000540       0xd4 CMakeFiles/GPIO.elf.dir/Drivers/STM32F4xx_HAL_Driver/Src/stm32f4xx_hal_gpio.c.obj
 .debug_frame   0x00000614      0x16c CMakeFiles/GPIO.elf.dir/Drivers/STM32F4xx_HAL_Driver/Src/stm32f4xx_hal_rcc.c.obj
 .debug_frame   0x00000780       0x2c d:/tools/code/c/arm-none-eabi/bin/../lib/gcc/arm-none-eabi/12.2.1/thumb/v7e-m/nofp\libgcc.a(_aeabi_uldivmod.o)
 .debug_frame   0x000007ac       0x34 d:/tools/code/c/arm-none-eabi/bin/../lib/gcc/arm-none-eabi/12.2.1/thumb/v7e-m/nofp\libgcc.a(_udivmoddi4.o)
 .debug_frame   0x000007e0       0x2c d:/tools/code/c/arm-none-eabi/bin/../lib/gcc/arm-none-eabi/12.2.1/thumb/v7e-m/nofp\libg.a(libc_a-memset.o)
 .debug_frame   0x0000080c       0x2c d:/tools/code/c/arm-none-eabi/bin/../lib/gcc/arm-none-eabi/12.2.1/thumb/v7e-m/nofp\libg.a(libc_a-init.o)
 .debug_frame   0x00000838       0xb0 d:/tools/code/c/arm-none-eabi/bin/../lib/gcc/arm-none-eabi/12.2.1/thumb/v7e-m/nofp\libg.a(libc_a-lock.o)
 .debug_frame   0x000008e8       0x5c d:/tools/code/c/arm-none-eabi/bin/../lib/gcc/arm-none-eabi/12.2.1/thumb/v7e-m/nofp\libg.a(libc_a-__call_atexit.o)
 .debug_frame   0x00000944       0x20 d:/tools/code/c/arm-none-eabi/bin/../lib/gcc/arm-none-eabi/12.2.1/thumb/v7e-m/nofp\libg.a(libc_a-atexit.o)
 .debug_frame   0x00000964       0x34 d:/tools/code/c/arm-none-eabi/bin/../lib/gcc/arm-none-eabi/12.2.1/thumb/v7e-m/nofp\libg.a(libc_a-fini.o)
 .debug_frame   0x00000998       0x34 d:/tools/code/c/arm-none-eabi/bin/../lib/gcc/arm-none-eabi/12.2.1/thumb/v7e-m/nofp\libg.a(libc_a-__atexit.o)

.debug_loclists
                0x00000000      0xcdc
 .debug_loclists
                0x00000000       0xdb CMakeFiles/GPIO.elf.dir/Core/Src/system_stm32f4xx.c.obj
 .debug_loclists
                0x000000db       0xc9 CMakeFiles/GPIO.elf.dir/Drivers/STM32F4xx_HAL_Driver/Src/stm32f4xx_hal.c.obj
 .debug_loclists
                0x000001a4      0x439 CMakeFiles/GPIO.elf.dir/Drivers/STM32F4xx_HAL_Driver/Src/stm32f4xx_hal_cortex.c.obj
 .debug_loclists
                0x000005dd      0x356 CMakeFiles/GPIO.elf.dir/Drivers/STM32F4xx_HAL_Driver/Src/stm32f4xx_hal_gpio.c.obj
 .debug_loclists
                0x00000933      0x3a9 CMakeFiles/GPIO.elf.dir/Drivers/STM32F4xx_HAL_Driver/Src/stm32f4xx_hal_rcc.c.obj

.debug_line_str
                0x00000000      0x189
 .debug_line_str
                0x00000000       0xa7 CMakeFiles/GPIO.elf.dir/Core/Startup/startup_stm32f411rctx.s.obj
 .debug_line_str
                0x000000a7       0xd6 d:/tools/code/c/arm-none-eabi/bin/../lib/gcc/arm-none-eabi/12.2.1/thumb/v7e-m/nofp\libgcc.a(_aeabi_uldivmod.o)
 .debug_line_str
                0x0000017d        0xc d:/tools/code/c/arm-none-eabi/bin/../lib/gcc/arm-none-eabi/12.2.1/thumb/v7e-m/nofp\libgcc.a(_dvmd_tls.o)
                                 0xda (size before relaxing)
